// Jest Snapshot v1, https://goo.gl/fbAQLP

exports[`ExistingItem Should render without failing 1`] = `
<Item
  className="todo"
  color="#456"
>
  <p>
    TEST TODO
  </p>
  <button
    className="icon icono-check"
    onClick={[Function]}
  >
    &nbsp
  </button>
  <button
    className="icon icono-trash"
    onClick={[Function]}
  >
    &nbsp
  </button>
</Item>
`;
