// Jest Snapshot v1, https://goo.gl/fbAQLP

exports[`ItemCreator Should render without failing 1`] = `
<Item
  ElementType="div"
  className="itemCreator"
>
  <p>
    Add another item...
  </p>
  <textarea
    className="itemCreator-input"
    onChange={[Function]}
    onKeyPress={[Function]}
    placeholder="What do you need to do?"
    rows="8"
    type="text"
    value=""
  />
  <button
    className="icon icono-plusCircle"
    onClick={[Function]}
  >
    &nbsp
  </button>
</Item>
`;
